Suite core: 231 of 244 tests
test_apple_android_portable_core_have_one_authority (test_android_components.AndroidComponentsTests.test_apple_android_portable_core_have_one_authority) ... Portable core sources are synchronized.
ok
test_device_shells_share_binary_state_but_keep_native_ui (test_android_components.AndroidComponentsTests.test_device_shells_share_binary_state_but_keep_native_ui) ... ok
test_independent_upgrade_and_no_source_fallback (test_android_components.AndroidComponentsTests.test_independent_upgrade_and_no_source_fallback) ... ok
test_lock_resolve_and_tamper_rejection (test_android_components.AndroidComponentsTests.test_lock_resolve_and_tamper_rejection) ... ok
test_native_ownership_and_immutable_publication (test_android_components.AndroidComponentsTests.test_native_ownership_and_immutable_publication) ... ok
test_overrides_require_matching_dependencies_and_never_enter_ci_release (test_android_components.AndroidComponentsTests.test_overrides_require_matching_dependencies_and_never_enter_ci_release) ... ok
test_replacing_manifest_and_checksums_cannot_replace_locked_sdk (test_android_components.AndroidComponentsTests.test_replacing_manifest_and_checksums_cannot_replace_locked_sdk) ... ok
test_independent_upgrade_preserves_foundation_version (test_apple_components.AppleComponentTests.test_independent_upgrade_preserves_foundation_version) ... ok
test_lock_resolve_and_tamper_fail_closed (test_apple_components.AppleComponentTests.test_lock_resolve_and_tamper_fail_closed) ... ok
test_locked_manifest_cannot_be_replaced_even_with_new_checksums (test_apple_components.AppleComponentTests.test_locked_manifest_cannot_be_replaced_even_with_new_checksums) ... ok
test_missing_lock_never_falls_back_to_sources (test_apple_components.AppleComponentTests.test_missing_lock_never_falls_back_to_sources) ... ok
test_missing_slices_resources_and_duplicate_core_boundary_are_rejected (test_apple_components.AppleComponentTests.test_missing_slices_resources_and_duplicate_core_boundary_are_rejected) ... ok
test_overrides_require_consistent_dependencies_and_are_forbidden_in_release (test_apple_components.AppleComponentTests.test_overrides_require_consistent_dependencies_and_are_forbidden_in_release) ... ok
test_published_version_is_immutable_and_declaration_requires_explicit_lock (test_apple_components.AppleComponentTests.test_published_version_is_immutable_and_declaration_requires_explicit_lock) ... ok
test_universal_dynamic_binary_is_not_mistaken_for_a_static_archive (test_apple_components.AppleComponentTests.test_universal_dynamic_binary_is_not_mistaken_for_a_static_archive) ... ok
test_all_platforms_share_identical_portable_module (test_apple_cpp.AppleCppTests.test_all_platforms_share_identical_portable_module) ... ok
test_component_matrix_and_container_endpoints (test_backend_components.BackendComponentsTests.test_component_matrix_and_container_endpoints) ... ok
test_generate_only_evidence_never_claims_container_success (test_backend_components.BackendComponentsTests.test_generate_only_evidence_never_claims_container_success) ... ok
test_invalid_and_removed_inputs_do_not_create_projects (test_backend_components.BackendComponentsTests.test_invalid_and_removed_inputs_do_not_create_projects) ... ok
test_production_topology_and_release_guards (test_backend_components.BackendComponentsTests.test_production_topology_and_release_guards) ... ok
test_verification_failure_cleans_only_its_own_project (test_backend_components.BackendComponentsTests.test_verification_failure_cleans_only_its_own_project) ... ok
test_budget_counts_terminating_replicas_and_rejects_shell_input (test_backend_kubernetes.KubernetesReleaseTests.test_budget_counts_terminating_replicas_and_rejects_shell_input) ... ok
test_custom_ports_are_integers_and_drills_start_unverified (test_backend_kubernetes.KubernetesReleaseTests.test_custom_ports_are_integers_and_drills_start_unverified) ... ok
test_failed_admission_stops_before_migration (test_backend_kubernetes.KubernetesReleaseTests.test_failed_admission_stops_before_migration) ... ok
test_hpa_initial_single_replica_does_not_complete_release (test_backend_kubernetes.KubernetesReleaseTests.test_hpa_initial_single_replica_does_not_complete_release) ... ok
test_migration_failure_never_updates_deployment (test_backend_kubernetes.KubernetesReleaseTests.test_migration_failure_never_updates_deployment) ... ok
test_rollout_failure_is_not_success_and_has_no_implicit_rollback (test_backend_kubernetes.KubernetesReleaseTests.test_rollout_failure_is_not_success_and_has_no_implicit_rollback) ... ok
test_stateless_micro_deploy_has_no_migration_dependency (test_backend_kubernetes.KubernetesReleaseTests.test_stateless_micro_deploy_has_no_migration_dependency) ... ok
test_successful_order_and_rollback_skip_ddl (test_backend_kubernetes.KubernetesReleaseTests.test_successful_order_and_rollback_skip_ddl) ... ok
test_tampered_snapshot_is_rejected_before_api_calls (test_backend_kubernetes.KubernetesReleaseTests.test_tampered_snapshot_is_rejected_before_api_calls) ... ok
test_bundled_catalog_is_sorted_and_independent_of_cwd (test_catalog.CatalogTests.test_bundled_catalog_is_sorted_and_independent_of_cwd) ... ok
test_explicit_fixture_root_without_global_patch (test_catalog.CatalogTests.test_explicit_fixture_root_without_global_patch) ... ok
test_foundation_modules_import_without_cli_or_compatibility_module (test_catalog.CatalogTests.test_foundation_modules_import_without_cli_or_compatibility_module) ... ok
test_legacy_exports_are_identical_objects (test_catalog.CatalogTests.test_legacy_exports_are_identical_objects) ... ok
test_missing_and_malformed_metadata_keep_domain_errors (test_catalog.CatalogTests.test_missing_and_malformed_metadata_keep_domain_errors) ... ok
test_apple_derivations_use_normalized_values (test_cli.CLITestCase.test_apple_derivations_use_normalized_values) ... ok
test_create_android_prompts_for_package_name (test_cli.CLITestCase.test_create_android_prompts_for_package_name) ... Android package name: ok
test_create_cleans_staging_directory_after_io_failure (test_cli.CLITestCase.test_create_cleans_staging_directory_after_io_failure) ... ok
test_create_frontend_dry_run_preview_does_not_write_files (test_cli.CLITestCase.test_create_frontend_dry_run_preview_does_not_write_files) ... ok
test_create_frontend_json_returns_manifest_after_generation (test_cli.CLITestCase.test_create_frontend_json_returns_manifest_after_generation) ... ok
test_create_frontend_supports_set_values (test_cli.CLITestCase.test_create_frontend_supports_set_values) ... ok
test_create_harmonyos_prompts_for_bundle_name (test_cli.CLITestCase.test_create_harmonyos_prompts_for_bundle_name) ... HarmonyOS bundle name: ok
test_create_microservice_non_interactive_fails_fast (test_cli.CLITestCase.test_create_microservice_non_interactive_fails_fast) ... ok
test_create_microservice_non_interactive_reports_all_missing_values (test_cli.CLITestCase.test_create_microservice_non_interactive_reports_all_missing_values) ... ok
test_create_microservice_prompts_for_proto_package (test_cli.CLITestCase.test_create_microservice_prompts_for_proto_package) ... Proto package: ok
test_create_normalizes_cli_and_set_values_before_validation (test_cli.CLITestCase.test_create_normalizes_cli_and_set_values_before_validation) ... ok
test_create_rejects_invalid_template_inputs_before_writing (test_cli.CLITestCase.test_create_rejects_invalid_template_inputs_before_writing) ... ok
test_create_rejects_options_owned_by_another_template (test_cli.CLITestCase.test_create_rejects_options_owned_by_another_template) ... ok
test_create_reports_missing_output_directory_without_traceback (test_cli.CLITestCase.test_create_reports_missing_output_directory_without_traceback) ... ok
test_create_reports_target_conflict_without_traceback (test_cli.CLITestCase.test_create_reports_target_conflict_without_traceback) ... ok
test_create_web_explicit_flag_overrides_set_value (test_cli.CLITestCase.test_create_web_explicit_flag_overrides_set_value) ... ok
test_create_web_plan_json_returns_manifest (test_cli.CLITestCase.test_create_web_plan_json_returns_manifest) ... ok
test_create_web_prompts_for_module_name (test_cli.CLITestCase.test_create_web_prompts_for_module_name) ... Go module name: ok
test_create_web_set_values_can_replace_prompt (test_cli.CLITestCase.test_create_web_set_values_can_replace_prompt) ... ok
test_info_json_prints_machine_readable_template_detail (test_cli.CLITestCase.test_info_json_prints_machine_readable_template_detail) ... ok
test_info_prints_android_template_details (test_cli.CLITestCase.test_info_prints_android_template_details) ... ok
test_info_prints_harmonyos_template_details (test_cli.CLITestCase.test_info_prints_harmonyos_template_details) ... ok
test_info_prints_microservice_template_details (test_cli.CLITestCase.test_info_prints_microservice_template_details) ... ok
test_info_prints_template_details (test_cli.CLITestCase.test_info_prints_template_details) ... ok
test_info_prints_worker_template_details (test_cli.CLITestCase.test_info_prints_worker_template_details) ... ok
test_invalid_template_metadata_is_user_facing (test_cli.CLITestCase.test_invalid_template_metadata_is_user_facing) ... ok
test_list_json_prints_machine_readable_templates (test_cli.CLITestCase.test_list_json_prints_machine_readable_templates) ... ok
test_main_defaults_to_template_summary (test_cli.CLITestCase.test_main_defaults_to_template_summary) ... ok
test_microservice_derivations_use_normalized_values (test_cli.CLITestCase.test_microservice_derivations_use_normalized_values) ... ok
test_unknown_template_errors_are_user_facing (test_cli.CLITestCase.test_unknown_template_errors_are_user_facing) ... ok
test_validate_json_passes_for_repo_templates (test_cli.CLITestCase.test_validate_json_passes_for_repo_templates) ... ok
test_validate_passes_for_repo_templates (test_cli.CLITestCase.test_validate_passes_for_repo_templates) ... ok
test_version_prints_cli_version (test_cli.CLITestCase.test_version_prints_cli_version) ... ok
test_argument_errors_are_json (test_cli_errors.CLIErrorTests.test_argument_errors_are_json) ... ok
test_domain_errors_are_json (test_cli_errors.CLIErrorTests.test_domain_errors_are_json) ... ok
test_interactive_eof_and_interrupt (test_cli_errors.CLIErrorTests.test_interactive_eof_and_interrupt) ... ok
test_interrupt_cleans_staging_and_emits_one_json_error (test_cli_errors.CLIErrorTests.test_interrupt_cleans_staging_and_emits_one_json_error) ... ok
test_json_never_prompts_even_if_stdin_is_a_terminal (test_cli_errors.CLIErrorTests.test_json_never_prompts_even_if_stdin_is_a_terminal) ... ok
test_non_terminal_missing_values_fail_without_prompt (test_cli_errors.CLIErrorTests.test_non_terminal_missing_values_fail_without_prompt) ... ok
test_success_and_help_keep_their_contract (test_cli_errors.CLIErrorTests.test_success_and_help_keep_their_contract) ... ok
test_validation_failure_and_invalid_metadata (test_cli_errors.CLIErrorTests.test_validation_failure_and_invalid_metadata) ... ok
test_all_templates_and_variants_parse (test_configurations.ConfigurationTests.test_all_templates_and_variants_parse) ... ok
test_dotfiles_and_plists_are_checked (test_configurations.ConfigurationTests.test_dotfiles_and_plists_are_checked) ... ok
test_duplicate_keys_and_unsafe_yaml_are_rejected (test_configurations.ConfigurationTests.test_duplicate_keys_and_unsafe_yaml_are_rejected) ... ok
test_invalid_config_reports_relative_path (test_configurations.ConfigurationTests.test_invalid_config_reports_relative_path) ... ok
test_json5_comments_and_yaml_merges_are_supported (test_configurations.ConfigurationTests.test_json5_comments_and_yaml_merges_are_supported) ... ok
test_all_layers_hidden_binary_and_executable_resources_match (test_distribution_acceptance.DistributionAcceptanceTests.test_all_layers_hidden_binary_and_executable_resources_match) ... ok
test_ci_and_release_share_artifact_matrix_without_python_cross_product (test_distribution_acceptance.DistributionAcceptanceTests.test_ci_and_release_share_artifact_matrix_without_python_cross_product) ... ok
test_command_failure_keeps_logs_and_failed_summary (test_distribution_acceptance.DistributionAcceptanceTests.test_command_failure_keeps_logs_and_failed_summary) ... ok
test_command_timeout_is_not_success (test_distribution_acceptance.DistributionAcceptanceTests.test_command_timeout_is_not_success) ... ok
test_duplicate_wheel_resources_are_rejected (test_distribution_acceptance.DistributionAcceptanceTests.test_duplicate_wheel_resources_are_rejected) ... ok
test_environment_cannot_import_checkout_or_reuse_external_server (test_distribution_acceptance.DistributionAcceptanceTests.test_environment_cannot_import_checkout_or_reuse_external_server) ... ok
test_missing_extra_changed_and_permission_drift_fail (test_distribution_acceptance.DistributionAcceptanceTests.test_missing_extra_changed_and_permission_drift_fail) ... ok
test_runtime_failure_still_removes_only_owned_container_and_image (test_distribution_acceptance.DistributionAcceptanceTests.test_runtime_failure_still_removes_only_owned_container_and_image) ... ok
test_sdist_extraction_requires_project_and_single_root (test_distribution_acceptance.DistributionAcceptanceTests.test_sdist_extraction_requires_project_and_single_root) ... ok
test_sdist_rejects_traversal_and_links_before_writes (test_distribution_acceptance.DistributionAcceptanceTests.test_sdist_rejects_traversal_and_links_before_writes) ... ok
test_workspace_is_new_and_outside_checkout (test_distribution_acceptance.DistributionAcceptanceTests.test_workspace_is_new_and_outside_checkout) ... ok
test_rejects_an_isolated_navigation_cluster (test_documentation.DocumentationChecksTests.test_rejects_an_isolated_navigation_cluster) ... ok
test_rejects_invalid_metadata_and_language_mismatch (test_documentation.DocumentationChecksTests.test_rejects_invalid_metadata_and_language_mismatch) ... ok
test_rejects_missing_file_and_heading_and_absolute_links (test_documentation.DocumentationChecksTests.test_rejects_missing_file_and_heading_and_absolute_links) ... ok
test_rejects_missing_prose_translation (test_documentation.DocumentationChecksTests.test_rejects_missing_prose_translation) ... ok
test_rejects_missing_translation_and_index_drift (test_documentation.DocumentationChecksTests.test_rejects_missing_translation_and_index_drift) ... ok
test_rejects_old_paths_and_missing_migration_targets (test_documentation.DocumentationChecksTests.test_rejects_old_paths_and_missing_migration_targets) ... ok
test_rejects_translated_code_drift_and_updated_mismatch (test_documentation.DocumentationChecksTests.test_rejects_translated_code_drift_and_updated_mismatch) ... ok
test_valid_fixture_and_heading_references (test_documentation.DocumentationChecksTests.test_valid_fixture_and_heading_references) ... ok
test_all_context_placeholders_validate (test_escaping.EscapingTests.test_all_context_placeholders_validate) ... ok
test_android_xml_and_resource_rules (test_escaping.EscapingTests.test_android_xml_and_resource_rules) ... ok
test_endpoint_is_quoted_and_preserved_in_yaml_and_docker (test_escaping.EscapingTests.test_endpoint_is_quoted_and_preserved_in_yaml_and_docker) ... ok
test_harmony_json_and_json5_round_trip (test_escaping.EscapingTests.test_harmony_json_and_json5_round_trip) ... ok
test_single_pass_does_not_expand_user_placeholders (test_escaping.EscapingTests.test_single_pass_does_not_expand_user_placeholders) ... ok
test_validation_rejects_unescaped_free_text_in_code (test_escaping.EscapingTests.test_validation_rejects_unescaped_free_text_in_code) ... ok
test_default_and_explicit_csr_have_identical_files (test_frontend_variants.FrontendVariantTests.test_default_and_explicit_csr_have_identical_files) ... ok
test_resource_ownership_and_no_source_layer_leaks (test_frontend_variants.FrontendVariantTests.test_resource_ownership_and_no_source_layer_leaks) ... ok
test_shipped_modes_are_advertised_and_validated (test_frontend_variants.FrontendVariantTests.test_shipped_modes_are_advertised_and_validated) ... ok
test_ssg_generation_is_deterministic_and_preserves_special_input (test_frontend_variants.FrontendVariantTests.test_ssg_generation_is_deterministic_and_preserves_special_input) ... ok
test_ssg_shares_toolchain_without_csr_route_or_deployment_leaks (test_frontend_variants.FrontendVariantTests.test_ssg_shares_toolchain_without_csr_route_or_deployment_leaks) ... ok
test_ssr_generation_preserves_special_input_and_executable_scripts (test_frontend_variants.FrontendVariantTests.test_ssr_generation_preserves_special_input_and_executable_scripts) ... ok
test_ssr_shares_toolchain_and_owns_node_runtime (test_frontend_variants.FrontendVariantTests.test_ssr_shares_toolchain_and_owns_node_runtime) ... ok
test_toolchain_roles_and_static_deployment_contract (test_frontend_variants.FrontendVariantTests.test_toolchain_roles_and_static_deployment_contract) ... ok
test_direct_render_preserves_binary_modes_and_single_pass (test_generation.GenerationTests.test_direct_render_preserves_binary_modes_and_single_pass) ... ok
test_existing_and_late_conflicts_preserve_target (test_generation.GenerationTests.test_existing_and_late_conflicts_preserve_target) ... ok
test_extracted_modules_do_not_import_legacy_or_cli (test_generation.GenerationTests.test_extracted_modules_do_not_import_legacy_or_cli) ... ok
test_failure_and_cancellation_cleanup_at_multiple_stages (test_generation.GenerationTests.test_failure_and_cancellation_cleanup_at_multiple_stages) ... ok
test_moved_exports_keep_identity (test_generation.GenerationTests.test_moved_exports_keep_identity) ... ok
test_callback_cancellation_never_creates_files (test_generation_plan.GenerationPlanTests.test_callback_cancellation_never_creates_files) ... ok
test_cli_alias_map_and_core_priority (test_generation_plan.GenerationPlanTests.test_cli_alias_map_and_core_priority) ... ok
test_core_imports_do_not_load_cli_or_terminal_adapter (test_generation_plan.GenerationPlanTests.test_core_imports_do_not_load_cli_or_terminal_adapter) ... ok
test_core_plan_and_execution_without_terminal_io (test_generation_plan.GenerationPlanTests.test_core_plan_and_execution_without_terminal_io) ... ok
test_execution_rechecks_existing_target_and_missing_parent (test_generation_plan.GenerationPlanTests.test_execution_rechecks_existing_target_and_missing_parent) ... ok
test_no_prompt_aggregates_missing_inputs_without_terminal (test_generation_plan.GenerationPlanTests.test_no_prompt_aggregates_missing_inputs_without_terminal) ... ok
test_prompt_callback_and_source_metadata (test_generation_plan.GenerationPlanTests.test_prompt_callback_and_source_metadata) ... ok
test_request_and_plan_maps_are_detached_and_read_only (test_generation_plan.GenerationPlanTests.test_request_and_plan_maps_are_detached_and_read_only) ... ok
test_binary_missing_never_falls_back_to_source (test_harmony_components.HarmonyComponentsTests.test_binary_missing_never_falls_back_to_source) ... ok
test_declared_devices_do_not_claim_unavailable_native_architectures (test_harmony_components.HarmonyComponentsTests.test_declared_devices_do_not_claim_unavailable_native_architectures) ... ok
test_di_checks_hidden_graphs_separately_and_rejects_bad_bindings (test_harmony_components.HarmonyComponentsTests.test_di_checks_hidden_graphs_separately_and_rejects_bad_bindings) ... ok
test_independent_upgrade_and_immutable_publish (test_harmony_components.HarmonyComponentsTests.test_independent_upgrade_and_immutable_publish) ... ok
test_installed_sdk_tamper_and_source_substitution_are_rejected (test_harmony_components.HarmonyComponentsTests.test_installed_sdk_tamper_and_source_substitution_are_rejected) ... ok
test_overrides_rejected_by_ci_release_and_dependency_conflicts (test_harmony_components.HarmonyComponentsTests.test_overrides_rejected_by_ci_release_and_dependency_conflicts) ... ok
test_portable_core_has_one_authority (test_harmony_components.HarmonyComponentsTests.test_portable_core_has_one_authority) ... ok
test_resolve_rejects_artifact_and_locked_manifest_tamper (test_harmony_components.HarmonyComponentsTests.test_resolve_rejects_artifact_and_locked_manifest_tamper) ... ok
test_source_and_duplicate_native_are_rejected (test_harmony_components.HarmonyComponentsTests.test_source_and_duplicate_native_are_rejected) ... ok
test_toolchain_mismatch_is_rejected (test_harmony_components.HarmonyComponentsTests.test_toolchain_mismatch_is_rejected) ... ok
test_choices_are_enforced_and_exported_as_a_copy (test_json_contract.JSONContractTests.test_choices_are_enforced_and_exported_as_a_copy) ... ok
test_effective_ranges_agree_with_boundary_validation (test_json_contract.JSONContractTests.test_effective_ranges_agree_with_boundary_validation) ... ok
test_every_public_output_has_versions (test_json_contract.JSONContractTests.test_every_public_output_has_versions) ... ok
test_json_golden_contracts (test_json_contract.JSONContractTests.test_json_golden_contracts) ... ok
test_list_and_info_constraints_match_source_definitions (test_json_contract.JSONContractTests.test_list_and_info_constraints_match_source_definitions) ... ok
test_create_android_renders_template (test_native_outputs.NativeOutputTests.test_create_android_renders_template) ... ok
test_create_apple_platform_selects_default_not_generated_platforms (test_native_outputs.NativeOutputTests.test_create_apple_platform_selects_default_not_generated_platforms) ... ok
test_create_apple_renders_four_binary_shells (test_native_outputs.NativeOutputTests.test_create_apple_renders_four_binary_shells) ... ok
test_create_harmonyos_renders_template (test_native_outputs.NativeOutputTests.test_create_harmonyos_renders_template) ... ok
test_diagnostics_and_validation_keep_versioned_contract (test_presentation.PresentationTests.test_diagnostics_and_validation_keep_versioned_contract) ... ok
test_legacy_formatter_entrypoints_remain_compatible (test_presentation.PresentationTests.test_legacy_formatter_entrypoints_remain_compatible) ... ok
test_list_and_info_match_existing_goldens (test_presentation.PresentationTests.test_list_and_info_match_existing_goldens) ... ok
test_plan_and_legacy_context_format_identically_without_writing (test_presentation.PresentationTests.test_plan_and_legacy_context_format_identically_without_writing) ... ok
test_presentation_import_does_not_load_execution_layers (test_presentation.PresentationTests.test_presentation_import_does_not_load_execution_layers) ... ok
test_cli_priority_and_context_do_not_write (test_refactor_baseline.RefactorBaselineTests.test_cli_priority_and_context_do_not_write) ... ok
test_frontend_resource_layers_have_no_local_build_artifacts (test_refactor_baseline.RefactorBaselineTests.test_frontend_resource_layers_have_no_local_build_artifacts) ... ok
test_generated_projects_match_baseline (test_refactor_baseline.RefactorBaselineTests.test_generated_projects_match_baseline) ... ok
test_generation_is_independent_of_temporary_root (test_refactor_baseline.RefactorBaselineTests.test_generation_is_independent_of_temporary_root) ... ok
test_inventory_detects_bytes_permissions_and_empty_directories (test_refactor_baseline.RefactorBaselineTests.test_inventory_detects_bytes_permissions_and_empty_directories) ... ok
test_resolution_defaults_and_declaration_order (test_refactor_baseline.RefactorBaselineTests.test_resolution_defaults_and_declaration_order) ... ok
test_render_text_replaces_android_placeholders (test_rendering.RenderingTests.test_render_text_replaces_android_placeholders) ... ok
test_render_text_replaces_harmonyos_placeholders (test_rendering.RenderingTests.test_render_text_replaces_harmonyos_placeholders) ... ok
test_render_text_replaces_microservice_placeholders (test_rendering.RenderingTests.test_render_text_replaces_microservice_placeholders) ... ok
test_case_and_unicode_conflicts_across_layers (test_resources.ResourceTests.test_case_and_unicode_conflicts_across_layers) ... ok
test_default_uses_existing_variable_resolution (test_resources.ResourceTests.test_default_uses_existing_variable_resolution) ... ok
test_deterministic_selection_preserves_bytes_modes_empty_dirs (test_resources.ResourceTests.test_deterministic_selection_preserves_bytes_modes_empty_dirs) ... ok
test_each_mode_is_isolated (test_resources.ResourceTests.test_each_mode_is_isolated) ... ok
test_explicit_override_and_directory_merge (test_resources.ResourceTests.test_explicit_override_and_directory_merge) ... ok
test_invalid_schema_shapes_are_domain_errors (test_resources.ResourceTests.test_invalid_schema_shapes_are_domain_errors) ... ok
test_load_models_without_exposing_internal_paths (test_resources.ResourceTests.test_load_models_without_exposing_internal_paths) ... ok
test_missing_selected_tree_and_io_errors (test_resources.ResourceTests.test_missing_selected_tree_and_io_errors) ... ok
test_module_has_no_cli_rendering_or_generation_dependency (test_resources.ResourceTests.test_module_has_no_cli_rendering_or_generation_dependency) ... ok
test_new_models_copy_mutable_inputs (test_resources.ResourceTests.test_new_models_copy_mutable_inputs) ... ok
test_next_steps_and_additive_contracts (test_resources.ResourceTests.test_next_steps_and_additive_contracts) ... ok
test_option_lists_have_strict_types_and_paths (test_resources.ResourceTests.test_option_lists_have_strict_types_and_paths) ... ok
test_ordinary_resources_use_strict_policy_and_fingerprints (test_resources.ResourceTests.test_ordinary_resources_use_strict_policy_and_fingerprints) ... ok
test_required_forbidden_contradictions_include_common_contracts (test_resources.ResourceTests.test_required_forbidden_contradictions_include_common_contracts) ... ok
test_resolver_revalidates_direct_model_changes (test_resources.ResourceTests.test_resolver_revalidates_direct_model_changes) ... ok
test_reverse_file_directory_conflict (test_resources.ResourceTests.test_reverse_file_directory_conflict) ... ok
test_selector_contract (test_resources.ResourceTests.test_selector_contract) ... ok
test_source_paths_and_overlapping_roots (test_resources.ResourceTests.test_source_paths_and_overlapping_roots) ... ok
test_special_and_unsafe_resource_files (test_resources.ResourceTests.test_special_and_unsafe_resource_files) ... ok
test_stale_override_and_file_directory_conflict (test_resources.ResourceTests.test_stale_override_and_file_directory_conflict) ... ok
test_symlinks_in_files_directories_and_root_ancestors (test_resources.ResourceTests.test_symlinks_in_files_directories_and_root_ancestors) ... ok
test_apple_platform_config_sets_release_platforms (test_rule_helpers.RuleHelperTests.test_apple_platform_config_sets_release_platforms) ... ok
test_default_kotlin_module_name_derives_pascal_case (test_rule_helpers.RuleHelperTests.test_default_kotlin_module_name_derives_pascal_case) ... ok
test_create_frontend_renders_template (test_service_outputs.ServiceOutputTests.test_create_frontend_renders_template) ... ok
test_create_microservice_renders_template (test_service_outputs.ServiceOutputTests.test_create_microservice_renders_template) ... ok
test_bad_names_contexts_and_binding_collisions (test_template_declarations.DeclarationTests.test_bad_names_contexts_and_binding_collisions) ... ok
test_base_and_declared_required_entries_remain_enforced (test_template_declarations.DeclarationTests.test_base_and_declared_required_entries_remain_enforced) ... ok
test_built_in_required_entries_preserve_pre_migration_checks (test_template_declarations.DeclarationTests.test_built_in_required_entries_preserve_pre_migration_checks) ... ok
test_contract_removal_unknown_contract_and_unsafe_paths (test_template_declarations.DeclarationTests.test_contract_removal_unknown_contract_and_unsafe_paths) ... ok
test_invalid_declaration_fails_cli_before_prompt_or_write (test_template_declarations.DeclarationTests.test_invalid_declaration_fails_cli_before_prompt_or_write) ... ok
test_metadata_extension_types_fail_as_domain_errors (test_template_declarations.DeclarationTests.test_metadata_extension_types_fail_as_domain_errors) ... ok
test_new_free_text_is_not_allowed_raw_in_code (test_template_declarations.DeclarationTests.test_new_free_text_is_not_allowed_raw_in_code) ... ok
test_new_python_template_load_validate_preview_generate_without_registry_change (test_template_declarations.DeclarationTests.test_new_python_template_load_validate_preview_generate_without_registry_change) ... ok
test_rule_and_output_declarations_are_checked (test_template_declarations.DeclarationTests.test_rule_and_output_declarations_are_checked) ... ok
test_template_scope_does_not_leak_other_template_variables (test_template_declarations.DeclarationTests.test_template_scope_does_not_leak_other_template_variables) ... ok
test_android_explicit_and_default_module_names (test_template_rules.TemplateRuleTests.test_android_explicit_and_default_module_names) ... ok
test_apple_platforms_and_render_only_snippets (test_template_rules.TemplateRuleTests.test_apple_platforms_and_render_only_snippets) ... ok
test_generic_fallback_and_missing_assigned_rule (test_template_rules.TemplateRuleTests.test_generic_fallback_and_missing_assigned_rule) ... ok
test_invalid_selections_preserve_errors (test_template_rules.TemplateRuleTests.test_invalid_selections_preserve_errors) ... ok
test_legacy_helpers_and_independent_imports (test_template_rules.TemplateRuleTests.test_legacy_helpers_and_independent_imports) ... ok
test_microservice_components_are_independent (test_template_rules.TemplateRuleTests.test_microservice_components_are_independent) ... ok
test_registry_protects_input_and_results_are_fresh (test_template_rules.TemplateRuleTests.test_registry_protects_input_and_results_are_fresh) ... ok
test_bundled_template_resources_are_complete (test_template_validation.TemplateValidationTests.test_bundled_template_resources_are_complete) ... ok
test_validate_reports_new_contract_errors_for_invalid_template (test_template_validation.TemplateValidationTests.test_validate_reports_new_contract_errors_for_invalid_template) ... ok
test_output_ancestors_do_not_control_executable_bits (test_unified_generation.UnifiedGenerationTests.test_output_ancestors_do_not_control_executable_bits) ... ok
test_shared_conflicts_preserve_target (test_unified_generation.UnifiedGenerationTests.test_shared_conflicts_preserve_target) ... ok
test_shared_direct_entrypoint_and_incomplete_plans (test_unified_generation.UnifiedGenerationTests.test_shared_direct_entrypoint_and_incomplete_plans) ... ok
test_shared_effective_validation_before_writes (test_unified_generation.UnifiedGenerationTests.test_shared_effective_validation_before_writes) ... ok
test_shared_failure_cleanup_contract (test_unified_generation.UnifiedGenerationTests.test_shared_failure_cleanup_contract) ... ok
test_shared_output_contract (test_unified_generation.UnifiedGenerationTests.test_shared_output_contract) ... ok
test_shared_readonly_modes_and_failure_cleanup (test_unified_generation.UnifiedGenerationTests.test_shared_readonly_modes_and_failure_cleanup) ... ok
test_shared_render_time_drift_cleans_staging (test_unified_generation.UnifiedGenerationTests.test_shared_render_time_drift_cleans_staging) ... ok
test_shared_source_drift_rejects_before_staging (test_unified_generation.UnifiedGenerationTests.test_shared_source_drift_rejects_before_staging) ... ok
test_shared_symlink_policy (test_unified_generation.UnifiedGenerationTests.test_shared_symlink_policy) ... ok
test_changes_during_render_do_not_publish (test_variant_generation.VariantGenerationTests.test_changes_during_render_do_not_publish) ... ok
test_cli_errors_keep_json_envelope_and_no_writes (test_variant_generation.VariantGenerationTests.test_cli_errors_keep_json_envelope_and_no_writes) ... ok
test_cli_info_list_plan_dry_run_and_create_json (test_variant_generation.VariantGenerationTests.test_cli_info_list_plan_dry_run_and_create_json) ... ok
test_direct_definition_mutation_and_broken_target_symlink (test_variant_generation.VariantGenerationTests.test_direct_definition_mutation_and_broken_target_symlink) ... ok
test_direct_render_and_incomplete_plan (test_variant_generation.VariantGenerationTests.test_direct_render_and_incomplete_plan) ... ok
test_effective_required_forbidden_and_make_checks (test_variant_generation.VariantGenerationTests.test_effective_required_forbidden_and_make_checks) ... ok
test_existing_and_late_target_conflicts (test_variant_generation.VariantGenerationTests.test_existing_and_late_target_conflicts) ... ok
test_failures_and_cancellation_clean_staging (test_variant_generation.VariantGenerationTests.test_failures_and_cancellation_clean_staging) ... ok
test_legacy_output_omits_variant_fields (test_variant_generation.VariantGenerationTests.test_legacy_output_omits_variant_fields) ... ok
test_plan_and_execution_share_counts_selection_and_steps (test_variant_generation.VariantGenerationTests.test_plan_and_execution_share_counts_selection_and_steps) ... ok
test_readonly_directory_permissions_do_not_prevent_failure_cleanup (test_variant_generation.VariantGenerationTests.test_readonly_directory_permissions_do_not_prevent_failure_cleanup) ... ok
test_rule_cannot_overwrite_selector_even_if_same_value (test_variant_generation.VariantGenerationTests.test_rule_cannot_overwrite_selector_even_if_same_value) ... ok
test_selected_effective_files_not_common_or_other_modes (test_variant_generation.VariantGenerationTests.test_selected_effective_files_not_common_or_other_modes) ... ok
test_shadowed_source_drift_is_detected (test_variant_generation.VariantGenerationTests.test_shadowed_source_drift_is_detected) ... ok
test_source_content_inventory_permissions_and_metadata_drift (test_variant_generation.VariantGenerationTests.test_source_content_inventory_permissions_and_metadata_drift) ... ok
test_validate_all_modes_without_resolving_required_inputs (test_variant_generation.VariantGenerationTests.test_validate_all_modes_without_resolving_required_inputs) ... ok
test_variant_free_text_and_next_step_placeholders (test_variant_generation.VariantGenerationTests.test_variant_free_text_and_next_step_placeholders) ... ok

----------------------------------------------------------------------
Ran 231 tests in 30.179s

OK
designsystem@0.1.0 [LOCKED]
home@0.1.1 [LOCKED]
homestate@0.1.0 [LOCKED]
model@0.1.0 [LOCKED]
network@0.1.0 [LOCKED]
settings@0.1.0 [LOCKED]
sharedcore@0.1.0 [LOCKED]
testing@0.1.0 [LOCKED]
tvhome@0.1.0 [LOCKED]
wearhome@0.1.0 [LOCKED]
designsystem@0.1.0 [LOCKED]
home@0.1.0 [LOCKED]
homestate@0.1.0 [LOCKED]
model@0.1.0 [LOCKED]
network@0.1.0 [LOCKED]
settings@0.1.0 [LOCKED]
sharedcore@0.1.0 [LOCKED]
testing@0.1.0 [LOCKED]
tvhome@0.1.0 [LOCKED]
wearhome@0.1.0 [LOCKED]
designsystem@0.1.0 [LOCKED]
home@0.1.0 [/var/folders/6m/pczfhtmn07s6xbrnz8_hk3f40000gn/T/tmpbx3gmztx/demo/local/com/example/demo/components/home/0.1.0]
homestate@0.1.0 [LOCKED]
model@0.1.0 [LOCKED]
network@0.1.0 [LOCKED]
settings@0.1.0 [LOCKED]
sharedcore@0.1.0 [LOCKED]
testing@0.1.0 [LOCKED]
tvhome@0.1.0 [LOCKED]
wearhome@0.1.0 [LOCKED]
FoundationKit@0.1.0 [LOCKED]
HomeFeature@0.1.1 [LOCKED]
SharedCore@0.1.0 [LOCKED]
FoundationKit@0.1.0 [LOCKED]
HomeFeature@0.1.0 [LOCKED]
SharedCore@0.1.0 [LOCKED]
Resolved SDK checksums and release policy verified.
FoundationKit@0.1.0 [LOCKED]
HomeFeature@0.1.1 [LOCAL OVERRIDE]
SharedCore@0.1.0 [LOCKED]
Resolved SDK checksums and release policy verified.
Locked bytecode components verified
Locked bytecode components verified
Locked bytecode components verified
Installed SDK bytes match locked HARs
Locked bytecode components verified
Locked bytecode components verified
Locked bytecode components verified
Locked bytecode components verified
